// Jest Snapshot v1, https://goo.gl/fbAQLP

exports[`renders Tag 1`] = `
<div
  className="makeStyles-root-1 makeStyles-root-2"
>
  foo
</div>
`;
